<a href="http://www.subgenius.com/" target="_self">Test</a>