<a href="http://www.subgenius.com/" target="_blank" rel="noopener noreferrer">Test</a>