<a href="http://www.subgenius.com/" target="_self" disabled media="screen">Test</a>