<a href="https://theeventscalendar.com/knowledgebase/k/embedding-calendar-views-with-the-tribe_events-shortcode/" target="_self" rel="external">Test</a>