<a href="https://theeventscalendar.com/knowledgebase/k/embedding-calendar-views-with-the-tribe_events-shortcode/" target="_blank," rel="external" disabled media="screen">Test</a>