<svg  class="tribe-common-c-svgicon tribe-common-c-svgicon--caret-left"  xmlns="http://www.w3.org/2000/svg" viewBox="0 0 10 16"><path d="M9.7 14.4l-1.5 1.5L.3 8 8.2.1l1.5 1.5L3.3 8l6.4 6.4z"/></svg>
